Running Infident with the following parameters:
Distribution: binomial
Parameters: ['100', '0.4', '100', '0.4']
eps: 0.01, eta: 0.5, delta: 0.05, w: 150.0
Number of samples (t): 146
Doing Sample 0: 38
Sample 0: x_i = 38, known_prob = 0.07537789501224923, Estimated Mass = 0.0954029570990428
Doing Sample 1: 41
Sample 1: x_i = 41, known_prob = 0.07923819024010385, Estimated Mass = 0.09561193466556417
Doing Sample 2: 46
Sample 2: x_i = 46, known_prob = 0.038110360951951756, Estimated Mass = 0.04636752081394165
Doing Sample 3: 43
Sample 3: x_i = 43, known_prob = 0.06672894967432451, Estimated Mass = 0.07877112437558224
Doing Sample 4: 49
Sample 4: x_i = 49, known_prob = 0.015202222432129021, Estimated Mass = 0.01819321976358589
Doing Sample 5: 40
Sample 5: x_i = 40, known_prob = 0.0812191449961021, Estimated Mass = 0.0955547602220094
Doing Sample 6: 37
Sample 6: x_i = 37, known_prob = 0.06819904786822394, Estimated Mass = 0.08745339862295781
Doing Sample 7: 39
Sample 7: x_i = 39, known_prob = 0.07988768360272804, Estimated Mass = 0.09501944505504359
Doing Sample 8: 39
Sample 8: x_i = 39, known_prob = 0.07988768360272804, Estimated Mass = 0.09694414233579705
Doing Sample 9: 35
Sample 9: x_i = 35, known_prob = 0.049132823668526435, Estimated Mass = 0.06428573804217842
Doing Sample 10: 41
Sample 10: x_i = 41, known_prob = 0.07923819024010385, Estimated Mass = 0.09273568572326714
Doing Sample 11: 45
Sample 11: x_i = 45, known_prob = 0.04781118010335614, Estimated Mass = 0.05273797248124797
Doing Sample 12: 41
Sample 12: x_i = 41, known_prob = 0.07923819024010385, Estimated Mass = 0.09571861323877007
Doing Sample 13: 34
Sample 13: x_i = 34, known_prob = 0.0390829279181471, Estimated Mass = 0.055630687108565835
Doing Sample 14: 46
Sample 14: x_i = 46, known_prob = 0.038110360951951756, Estimated Mass = 0.04562864174842055
Doing Sample 15: 37
Sample 15: x_i = 37, known_prob = 0.06819904786822394, Estimated Mass = 0.08658131282840488
Doing Sample 16: 40
Sample 16: x_i = 40, known_prob = 0.0812191449961021, Estimated Mass = 0.09613275228671377
Doing Sample 17: 31
Sample 17: x_i = 31, known_prob = 0.015065061118351071, Estimated Mass = 0.024584435859793887
Doing Sample 18: 43
Sample 18: x_i = 43, known_prob = 0.06672894967432451, Estimated Mass = 0.0765694304451179
Doing Sample 19: 44
Sample 19: x_i = 44, known_prob = 0.057629547446009455, Estimated Mass = 0.06546475131653812
Doing Sample 20: 35
Sample 20: x_i = 35, known_prob = 0.049132823668526435, Estimated Mass = 0.06875182675734585
Doing Sample 21: 46
Sample 21: x_i = 46, known_prob = 0.038110360951951756, Estimated Mass = 0.04436649265385745
Doing Sample 22: 34
Sample 22: x_i = 34, known_prob = 0.0390829279181471, Estimated Mass = 0.052591536309501564
Doing Sample 23: 35
Sample 23: x_i = 35, known_prob = 0.049132823668526435, Estimated Mass = 0.0669771406568387
Doing Sample 24: 52
Sample 24: x_i = 52, known_prob = 0.004244495151990284, Estimated Mass = 0.005160963722687282
Doing Sample 25: 41
Sample 25: x_i = 41, known_prob = 0.07923819024010385, Estimated Mass = 0.09382400126612295
Doing Sample 26: 44
Sample 26: x_i = 44, known_prob = 0.057629547446009455, Estimated Mass = 0.06344335763924082
Doing Sample 27: 37
Sample 27: x_i = 37, known_prob = 0.06819904786822394, Estimated Mass = 0.08610049937488468
Doing Sample 28: 47
Sample 28: x_i = 47, known_prob = 0.02919091477170675, Estimated Mass = 0.03362644943870983
Doing Sample 29: 41
Sample 29: x_i = 41, known_prob = 0.07923819024010385, Estimated Mass = 0.09414380756532215
Doing Sample 30: 38
Sample 30: x_i = 38, known_prob = 0.07537789501224923, Estimated Mass = 0.09532710810689801
Doing Sample 31: 38
Sample 31: x_i = 38, known_prob = 0.07537789501224923, Estimated Mass = 0.09187138672719136
Doing Sample 32: 35
Sample 32: x_i = 35, known_prob = 0.049132823668526435, Estimated Mass = 0.06519631672956881
Doing Sample 33: 44
Sample 33: x_i = 44, known_prob = 0.057629547446009455, Estimated Mass = 0.06668155982023587
Doing Sample 34: 47
Sample 34: x_i = 47, known_prob = 0.02919091477170675, Estimated Mass = 0.03301606801919549
Doing Sample 35: 35
Sample 35: x_i = 35, known_prob = 0.049132823668526435, Estimated Mass = 0.06700643770577802
Doing Sample 36: 33
Sample 36: x_i = 33, known_prob = 0.029749691400381948, Estimated Mass = 0.04171841178077807
Doing Sample 37: 42
Sample 37: x_i = 42, known_prob = 0.07420719403438049, Estimated Mass = 0.08604690903216725
Doing Sample 38: 36
Sample 38: x_i = 36, known_prob = 0.05914136182322503, Estimated Mass = 0.07609073062601451
Doing Sample 39: 34
Sample 39: x_i = 34, known_prob = 0.0390829279181471, Estimated Mass = 0.05528213304011515
Doing Sample 40: 43
Sample 40: x_i = 43, known_prob = 0.06672894967432451, Estimated Mass = 0.07471527706134844
Doing Sample 41: 40
Sample 41: x_i = 40, known_prob = 0.0812191449961021, Estimated Mass = 0.10027381203787855
Doing Sample 42: 43
Sample 42: x_i = 43, known_prob = 0.06672894967432451, Estimated Mass = 0.07775521440857713
Doing Sample 43: 43
Sample 43: x_i = 43, known_prob = 0.06672894967432451, Estimated Mass = 0.0776324917918408
Doing Sample 44: 42
Sample 44: x_i = 42, known_prob = 0.07420719403438049, Estimated Mass = 0.08510852181328608
Doing Sample 45: 38
Sample 45: x_i = 38, known_prob = 0.07537789501224923, Estimated Mass = 0.09426216468844914
Doing Sample 46: 35
Sample 46: x_i = 35, known_prob = 0.049132823668526435, Estimated Mass = 0.06471003420710819
Doing Sample 47: 40
Sample 47: x_i = 40, known_prob = 0.0812191449961021, Estimated Mass = 0.0961227939301501
Doing Sample 48: 42
Sample 48: x_i = 42, known_prob = 0.07420719403438049, Estimated Mass = 0.08522604021906591
Doing Sample 49: 33
Sample 49: x_i = 33, known_prob = 0.029749691400381948, Estimated Mass = 0.042824719578980104
Doing Sample 50: 42
Sample 50: x_i = 42, known_prob = 0.07420719403438049, Estimated Mass = 0.08608395829274985
Doing Sample 51: 40
Sample 51: x_i = 40, known_prob = 0.0812191449961021, Estimated Mass = 0.09576203789145647
Doing Sample 52: 41
Sample 52: x_i = 41, known_prob = 0.07923819024010385, Estimated Mass = 0.09456644272528522
Doing Sample 53: 44
Sample 53: x_i = 44, known_prob = 0.057629547446009455, Estimated Mass = 0.06372312843975812
Doing Sample 54: 46
Sample 54: x_i = 46, known_prob = 0.038110360951951756, Estimated Mass = 0.0437271797609782
Doing Sample 55: 36
Sample 55: x_i = 36, known_prob = 0.05914136182322503, Estimated Mass = 0.07601806403422567
Doing Sample 56: 39
Sample 56: x_i = 39, known_prob = 0.07988768360272804, Estimated Mass = 0.09777600752288221
Doing Sample 57: 41
Sample 57: x_i = 41, known_prob = 0.07923819024010385, Estimated Mass = 0.09374605509662473
Doing Sample 58: 45
Sample 58: x_i = 45, known_prob = 0.04781118010335614, Estimated Mass = 0.05766466333705124
Doing Sample 59: 39
Sample 59: x_i = 39, known_prob = 0.07988768360272804, Estimated Mass = 0.09675406186437421
Doing Sample 60: 39
Sample 60: x_i = 39, known_prob = 0.07988768360272804, Estimated Mass = 0.09500127365049914
Doing Sample 61: 34
Sample 61: x_i = 34, known_prob = 0.0390829279181471, Estimated Mass = 0.05431741077668285
Doing Sample 62: 40
Sample 62: x_i = 40, known_prob = 0.0812191449961021, Estimated Mass = 0.09531001855095547
Doing Sample 63: 38
Sample 63: x_i = 38, known_prob = 0.07537789501224923, Estimated Mass = 0.0923556162989559
Doing Sample 64: 36
Sample 64: x_i = 36, known_prob = 0.05914136182322503, Estimated Mass = 0.07290510301053386
Doing Sample 65: 32
Sample 65: x_i = 32, known_prob = 0.021656025357629505, Estimated Mass = 0.03320758418157954
Doing Sample 66: 42
Sample 66: x_i = 42, known_prob = 0.07420719403438049, Estimated Mass = 0.0896615641572578
Doing Sample 67: 42
Sample 67: x_i = 42, known_prob = 0.07420719403438049, Estimated Mass = 0.08760450732854451
Doing Sample 68: 41
Sample 68: x_i = 41, known_prob = 0.07923819024010385, Estimated Mass = 0.09337717489884105
Doing Sample 69: 37
Sample 69: x_i = 37, known_prob = 0.06819904786822394, Estimated Mass = 0.08429019032059823
Doing Sample 70: 42
Sample 70: x_i = 42, known_prob = 0.07420719403438049, Estimated Mass = 0.08436348613365184
Doing Sample 71: 41
Sample 71: x_i = 41, known_prob = 0.07923819024010385, Estimated Mass = 0.09243622472130344
Doing Sample 72: 37
Sample 72: x_i = 37, known_prob = 0.06819904786822394, Estimated Mass = 0.08357494301464123
Doing Sample 73: 45
Sample 73: x_i = 45, known_prob = 0.04781118010335614, Estimated Mass = 0.0544966861027723
Doing Sample 74: 40
Sample 74: x_i = 40, known_prob = 0.0812191449961021, Estimated Mass = 0.0951793161210737
Doing Sample 75: 39
Sample 75: x_i = 39, known_prob = 0.07988768360272804, Estimated Mass = 0.09169281843869524
Doing Sample 76: 48
Sample 76: x_i = 48, known_prob = 0.021487756706950908, Estimated Mass = 0.02506363230293259
Doing Sample 77: 45
Sample 77: x_i = 45, known_prob = 0.04781118010335614, Estimated Mass = 0.05390638035147197
Doing Sample 78: 34
Sample 78: x_i = 34, known_prob = 0.0390829279181471, Estimated Mass = 0.053700549668502615
Doing Sample 79: 41
Sample 79: x_i = 41, known_prob = 0.07923819024010385, Estimated Mass = 0.09356539108453377
Doing Sample 80: 42
Sample 80: x_i = 42, known_prob = 0.07420719403438049, Estimated Mass = 0.0870072748692221
Doing Sample 81: 38
Sample 81: x_i = 38, known_prob = 0.07537789501224923, Estimated Mass = 0.09140324075104947
Doing Sample 82: 44
Sample 82: x_i = 44, known_prob = 0.057629547446009455, Estimated Mass = 0.06366344369699893
Doing Sample 83: 44
Sample 83: x_i = 44, known_prob = 0.057629547446009455, Estimated Mass = 0.06546188180805565
Doing Sample 84: 37
Sample 84: x_i = 37, known_prob = 0.06819904786822394, Estimated Mass = 0.08720144900328997
Doing Sample 85: 49
Sample 85: x_i = 49, known_prob = 0.015202222432129021, Estimated Mass = 0.01689404628248705
Doing Sample 86: 48
Sample 86: x_i = 48, known_prob = 0.021487756706950908, Estimated Mass = 0.023812071896880883
Doing Sample 87: 40
Sample 87: x_i = 40, known_prob = 0.0812191449961021, Estimated Mass = 0.0981239825255982
Doing Sample 88: 34
Sample 88: x_i = 34, known_prob = 0.0390829279181471, Estimated Mass = 0.05223082240084393
Doing Sample 89: 48
Sample 89: x_i = 48, known_prob = 0.021487756706950908, Estimated Mass = 0.02455767689283997
Doing Sample 90: 39
Sample 90: x_i = 39, known_prob = 0.07988768360272804, Estimated Mass = 0.0957860353985186
Doing Sample 91: 44
Sample 91: x_i = 44, known_prob = 0.057629547446009455, Estimated Mass = 0.06570246699447314
Doing Sample 92: 44
